Test edit pembelian
